2025-04-13 11:47:18,880 - __main__ - INFO - Scraping collection: mishkat...
2025-04-13 11:47:19,072 - __main__ - INFO - Extracting book data from website...
2025-04-13 11:47:19,106 - __main__ - INFO - 29 books extracted.
2025-04-13 11:47:19,616 - __main__ - INFO - Saving data to ./Hadith/sunnah_dot_com_data\mishkat\00_Author's Introduction.json...
2025-04-13 11:47:19,619 - __main__ - INFO - Data saved to ./Hadith/sunnah_dot_com_data\mishkat\00_Author's Introduction.json.
2025-04-13 11:47:58,640 - __main__ - INFO - Saving data to ./Hadith/sunnah_dot_com_data\mishkat\01_Faith.json...
2025-04-13 11:47:58,679 - __main__ - INFO - Data saved to ./Hadith/sunnah_dot_com_data\mishkat\01_Faith.json.
2025-04-13 11:48:16,569 - __main__ - INFO - Saving data to ./Hadith/sunnah_dot_com_data\mishkat\02_Knowledge.json...
2025-04-13 11:48:16,587 - __main__ - INFO - Data saved to ./Hadith/sunnah_dot_com_data\mishkat\02_Knowledge.json.
2025-04-13 11:49:13,941 - __main__ - INFO - Saving data to ./Hadith/sunnah_dot_com_data\mishkat\03_Purification.json...
2025-04-13 11:49:13,992 - __main__ - INFO - Data saved to ./Hadith/sunnah_dot_com_data\mishkat\03_Purification.json.
2025-04-13 11:52:36,349 - __main__ - INFO - Saving data to ./Hadith/sunnah_dot_com_data\mishkat\04_Prayer.json...
2025-04-13 11:52:36,503 - __main__ - INFO - Data saved to ./Hadith/sunnah_dot_com_data\mishkat\04_Prayer.json.
2025-04-13 11:53:26,949 - __main__ - INFO - Saving data to ./Hadith/sunnah_dot_com_data\mishkat\05_Funerals.json...
2025-04-13 11:53:27,007 - __main__ - INFO - Data saved to ./Hadith/sunnah_dot_com_data\mishkat\05_Funerals.json.
2025-04-13 11:54:07,790 - __main__ - INFO - Saving data to ./Hadith/sunnah_dot_com_data\mishkat\06_Zakat.json...
2025-04-13 11:54:07,841 - __main__ - INFO - Data saved to ./Hadith/sunnah_dot_com_data\mishkat\06_Zakat.json.
2025-04-13 11:54:40,382 - __main__ - INFO - Saving data to ./Hadith/sunnah_dot_com_data\mishkat\07_Fasting.json...
2025-04-13 11:54:40,426 - __main__ - INFO - Data saved to ./Hadith/sunnah_dot_com_data\mishkat\07_Fasting.json.
2025-04-13 11:55:07,337 - __main__ - INFO - Saving data to ./Hadith/sunnah_dot_com_data\mishkat\08_The Excellent Qualities of the Qur'an.json...
2025-04-13 11:55:07,370 - __main__ - INFO - Data saved to ./Hadith/sunnah_dot_com_data\mishkat\08_The Excellent Qualities of the Qur'an.json.
2025-04-13 11:56:05,699 - __main__ - INFO - Saving data to ./Hadith/sunnah_dot_com_data\mishkat\09_Supplications.json...
2025-04-13 11:56:05,756 - __main__ - INFO - Data saved to ./Hadith/sunnah_dot_com_data\mishkat\09_Supplications.json.
2025-04-13 11:56:55,572 - __main__ - INFO - Saving data to ./Hadith/sunnah_dot_com_data\mishkat\10_The Rites of Pilgrimage.json...
2025-04-13 11:56:55,622 - __main__ - INFO - Data saved to ./Hadith/sunnah_dot_com_data\mishkat\10_The Rites of Pilgrimage.json.
2025-04-13 11:57:54,662 - __main__ - INFO - Saving data to ./Hadith/sunnah_dot_com_data\mishkat\11_Business Transactions.json...
2025-04-13 11:57:54,726 - __main__ - INFO - Data saved to ./Hadith/sunnah_dot_com_data\mishkat\11_Business Transactions.json.
2025-04-13 11:58:03,270 - __main__ - INFO - Saving data to ./Hadith/sunnah_dot_com_data\mishkat\12_Inheritance and Wills.json...
2025-04-13 11:58:03,277 - __main__ - INFO - Data saved to ./Hadith/sunnah_dot_com_data\mishkat\12_Inheritance and Wills.json.
2025-04-13 11:59:01,380 - __main__ - INFO - Saving data to ./Hadith/sunnah_dot_com_data\mishkat\13_Marriage.json...
2025-04-13 11:59:01,441 - __main__ - INFO - Data saved to ./Hadith/sunnah_dot_com_data\mishkat\13_Marriage.json.
2025-04-13 11:59:06,920 - __main__ - INFO - Saving data to ./Hadith/sunnah_dot_com_data\mishkat\14_Emancipation.json...
2025-04-13 11:59:06,930 - __main__ - INFO - Data saved to ./Hadith/sunnah_dot_com_data\mishkat\14_Emancipation.json.
2025-04-13 11:59:15,728 - __main__ - INFO - Saving data to ./Hadith/sunnah_dot_com_data\mishkat\15_Oaths and Vows.json...
2025-04-13 11:59:15,743 - __main__ - INFO - Data saved to ./Hadith/sunnah_dot_com_data\mishkat\15_Oaths and Vows.json.
2025-04-13 11:59:37,990 - __main__ - INFO - Saving data to ./Hadith/sunnah_dot_com_data\mishkat\16_Retaliation.json...
2025-04-13 11:59:38,022 - __main__ - INFO - Data saved to ./Hadith/sunnah_dot_com_data\mishkat\16_Retaliation.json.
2025-04-13 11:59:59,237 - __main__ - INFO - Saving data to ./Hadith/sunnah_dot_com_data\mishkat\17_Prescribed Punishments.json...
2025-04-13 11:59:59,270 - __main__ - INFO - Data saved to ./Hadith/sunnah_dot_com_data\mishkat\17_Prescribed Punishments.json.
2025-04-13 12:00:32,902 - __main__ - INFO - Saving data to ./Hadith/sunnah_dot_com_data\mishkat\18_The Offices of Commander and Qadi.json...
2025-04-13 12:00:32,940 - __main__ - INFO - Data saved to ./Hadith/sunnah_dot_com_data\mishkat\18_The Offices of Commander and Qadi.json.
2025-04-13 12:01:33,972 - __main__ - INFO - Saving data to ./Hadith/sunnah_dot_com_data\mishkat\19_Jihad.json...
2025-04-13 12:01:34,058 - __main__ - INFO - Data saved to ./Hadith/sunnah_dot_com_data\mishkat\19_Jihad.json.
2025-04-13 12:01:54,950 - __main__ - INFO - Saving data to ./Hadith/sunnah_dot_com_data\mishkat\20_Game and Animals Which May Be Slaughtered.json...
2025-04-13 12:01:54,980 - __main__ - INFO - Data saved to ./Hadith/sunnah_dot_com_data\mishkat\20_Game and Animals Which May Be Slaughtered.json.
2025-04-13 12:02:27,989 - __main__ - INFO - Saving data to ./Hadith/sunnah_dot_com_data\mishkat\21_Foods.json...
2025-04-13 12:02:28,033 - __main__ - INFO - Data saved to ./Hadith/sunnah_dot_com_data\mishkat\21_Foods.json.
2025-04-13 12:03:16,104 - __main__ - INFO - Saving data to ./Hadith/sunnah_dot_com_data\mishkat\22_Clothing.json...
2025-04-13 12:03:16,162 - __main__ - INFO - Data saved to ./Hadith/sunnah_dot_com_data\mishkat\22_Clothing.json.
2025-04-13 12:03:36,873 - __main__ - INFO - Saving data to ./Hadith/sunnah_dot_com_data\mishkat\23_Medicine and Spells.json...
2025-04-13 12:03:36,900 - __main__ - INFO - Data saved to ./Hadith/sunnah_dot_com_data\mishkat\23_Medicine and Spells.json.
2025-04-13 12:03:41,628 - __main__ - INFO - Saving data to ./Hadith/sunnah_dot_com_data\mishkat\24_Visions.json...
2025-04-13 12:03:41,641 - __main__ - INFO - Data saved to ./Hadith/sunnah_dot_com_data\mishkat\24_Visions.json.
2025-04-13 12:04:13,206 - __main__ - INFO - Saving data to ./Hadith/sunnah_dot_com_data\mishkat\27_Fitan.json...
2025-04-13 12:04:13,254 - __main__ - INFO - Data saved to ./Hadith/sunnah_dot_com_data\mishkat\27_Fitan.json.
2025-04-13 12:04:58,691 - __main__ - INFO - Saving data to ./Hadith/sunnah_dot_com_data\mishkat\28_Events of the Day of Resurrection and the Beginning of Creation.json...
2025-04-13 12:04:58,756 - __main__ - INFO - Data saved to ./Hadith/sunnah_dot_com_data\mishkat\28_Events of the Day of Resurrection and the Beginning of Creation.json.
2025-04-13 12:05:52,876 - __main__ - INFO - Saving data to ./Hadith/sunnah_dot_com_data\mishkat\29_Excellent Qualities and Description of the Prophet.json...
2025-04-13 12:05:52,964 - __main__ - INFO - Data saved to ./Hadith/sunnah_dot_com_data\mishkat\29_Excellent Qualities and Description of the Prophet.json.
2025-04-13 12:06:59,347 - __main__ - INFO - Saving data to ./Hadith/sunnah_dot_com_data\mishkat\30_Fine Qualities.json...
2025-04-13 12:06:59,414 - __main__ - INFO - Data saved to ./Hadith/sunnah_dot_com_data\mishkat\30_Fine Qualities.json.
2025-04-13 12:06:59,425 - __main__ - INFO - Finished scraping mishkat.
2025-04-13 12:06:59,453 - __main__ - INFO - Scraping collection: bulugh...
2025-04-13 12:06:59,640 - __main__ - INFO - Extracting book data from website...
2025-04-13 12:06:59,666 - __main__ - INFO - 16 books extracted.
2025-04-13 12:07:32,981 - __main__ - INFO - Saving data to ./Hadith/sunnah_dot_com_data\bulugh\01_The Book of Purification.json...
2025-04-13 12:07:33,039 - __main__ - INFO - Data saved to ./Hadith/sunnah_dot_com_data\bulugh\01_The Book of Purification.json.
2025-04-13 12:08:51,422 - __main__ - INFO - Saving data to ./Hadith/sunnah_dot_com_data\bulugh\02_The Book of Prayer.json...
2025-04-13 12:08:51,560 - __main__ - INFO - Data saved to ./Hadith/sunnah_dot_com_data\bulugh\02_The Book of Prayer.json.
2025-04-13 12:09:05,401 - __main__ - INFO - Saving data to ./Hadith/sunnah_dot_com_data\bulugh\03_Funerals.json...
2025-04-13 12:09:05,417 - __main__ - INFO - Data saved to ./Hadith/sunnah_dot_com_data\bulugh\03_Funerals.json.
2025-04-13 12:09:14,204 - __main__ - INFO - Saving data to ./Hadith/sunnah_dot_com_data\bulugh\04_The Book of Zakah.json...
2025-04-13 12:09:14,218 - __main__ - INFO - Data saved to ./Hadith/sunnah_dot_com_data\bulugh\04_The Book of Zakah.json.
2025-04-13 12:09:24,731 - __main__ - INFO - Saving data to ./Hadith/sunnah_dot_com_data\bulugh\05_Fasting.json...
2025-04-13 12:09:24,746 - __main__ - INFO - Data saved to ./Hadith/sunnah_dot_com_data\bulugh\05_Fasting.json.
2025-04-13 12:09:38,408 - __main__ - INFO - Saving data to ./Hadith/sunnah_dot_com_data\bulugh\06_Hajj.json...
2025-04-13 12:09:38,429 - __main__ - INFO - Data saved to ./Hadith/sunnah_dot_com_data\bulugh\06_Hajj.json.
2025-04-13 12:10:18,992 - __main__ - INFO - Saving data to ./Hadith/sunnah_dot_com_data\bulugh\07_Business Transactions.json...
2025-04-13 12:10:19,052 - __main__ - INFO - Data saved to ./Hadith/sunnah_dot_com_data\bulugh\07_Business Transactions.json.
2025-04-13 12:10:55,151 - __main__ - INFO - Saving data to ./Hadith/sunnah_dot_com_data\bulugh\08_Marriage.json...
2025-04-13 12:10:55,173 - __main__ - INFO - Data saved to ./Hadith/sunnah_dot_com_data\bulugh\08_Marriage.json.
2025-04-13 12:11:03,117 - __main__ - INFO - Saving data to ./Hadith/sunnah_dot_com_data\bulugh\09_Crimes (Qisas or Retaliation).json...
2025-04-13 12:11:03,131 - __main__ - INFO - Data saved to ./Hadith/sunnah_dot_com_data\bulugh\09_Crimes (Qisas or Retaliation).json.
2025-04-13 12:11:13,814 - __main__ - INFO - Saving data to ./Hadith/sunnah_dot_com_data\bulugh\10_Hudud.json...
2025-04-13 12:11:13,834 - __main__ - INFO - Data saved to ./Hadith/sunnah_dot_com_data\bulugh\10_Hudud.json.
2025-04-13 12:11:25,581 - __main__ - INFO - Saving data to ./Hadith/sunnah_dot_com_data\bulugh\11_Jihad.json...
2025-04-13 12:11:25,598 - __main__ - INFO - Data saved to ./Hadith/sunnah_dot_com_data\bulugh\11_Jihad.json.
2025-04-13 12:11:33,846 - __main__ - INFO - Saving data to ./Hadith/sunnah_dot_com_data\bulugh\12_Food.json...
2025-04-13 12:11:33,861 - __main__ - INFO - Data saved to ./Hadith/sunnah_dot_com_data\bulugh\12_Food.json.
2025-04-13 12:11:37,320 - __main__ - INFO - Saving data to ./Hadith/sunnah_dot_com_data\bulugh\13_Oaths and Vows.json...
2025-04-13 12:11:37,328 - __main__ - INFO - Data saved to ./Hadith/sunnah_dot_com_data\bulugh\13_Oaths and Vows.json.
2025-04-13 12:11:42,810 - __main__ - INFO - Saving data to ./Hadith/sunnah_dot_com_data\bulugh\14_Judgments.json...
2025-04-13 12:11:42,823 - __main__ - INFO - Data saved to ./Hadith/sunnah_dot_com_data\bulugh\14_Judgments.json.
2025-04-13 12:11:45,869 - __main__ - INFO - Saving data to ./Hadith/sunnah_dot_com_data\bulugh\15_Emancipation.json...
2025-04-13 12:11:45,877 - __main__ - INFO - Data saved to ./Hadith/sunnah_dot_com_data\bulugh\15_Emancipation.json.
2025-04-13 12:12:09,131 - __main__ - INFO - Saving data to ./Hadith/sunnah_dot_com_data\bulugh\16_The Comprehensive Book.json...
2025-04-13 12:12:09,161 - __main__ - INFO - Data saved to ./Hadith/sunnah_dot_com_data\bulugh\16_The Comprehensive Book.json.
2025-04-13 12:12:09,166 - __main__ - INFO - Finished scraping bulugh.
2025-04-13 12:12:09,174 - __main__ - INFO - Scraping collection: forty...
2025-04-13 12:12:09,339 - __main__ - INFO - Extracting book data from website...
2025-04-13 12:12:09,349 - __main__ - INFO - 3 books extracted.
2025-04-13 12:12:09,767 - __main__ - INFO - Saving data to ./Hadith/sunnah_dot_com_data\forty\00_Forty Hadith of an-Nawawi.json...
2025-04-13 12:12:09,770 - __main__ - INFO - Data saved to ./Hadith/sunnah_dot_com_data\forty\00_Forty Hadith of an-Nawawi.json.
2025-04-13 12:12:10,184 - __main__ - INFO - Saving data to ./Hadith/sunnah_dot_com_data\forty\00_Forty Hadith Qudsi.json...
2025-04-13 12:12:10,187 - __main__ - INFO - Data saved to ./Hadith/sunnah_dot_com_data\forty\00_Forty Hadith Qudsi.json.
2025-04-13 12:12:10,607 - __main__ - INFO - Saving data to ./Hadith/sunnah_dot_com_data\forty\00_Forty Hadith of Shah Waliullah Dehlawi.json...
2025-04-13 12:12:10,612 - __main__ - INFO - Data saved to ./Hadith/sunnah_dot_com_data\forty\00_Forty Hadith of Shah Waliullah Dehlawi.json.
2025-04-13 12:12:10,615 - __main__ - INFO - Finished scraping forty.
2025-04-13 12:12:10,620 - __main__ - INFO - Scraping collection: hisn...
2025-04-13 12:12:13,093 - __main__ - INFO - Extracting book data from website...
2025-04-13 12:12:57,110 - __main__ - INFO - Saving data to ./Hadith/sunnah_dot_com_data\hisn\hadiths.json...
2025-04-13 12:12:57,172 - __main__ - INFO - Data saved to ./Hadith/sunnah_dot_com_data\hisn\hadiths.json.
2025-04-13 12:12:57,176 - __main__ - INFO - Finished scraping hisn.
