2025-04-13 12:06:59,453 - __main__ - INFO - Scraping collection: bulugh...
2025-04-13 12:06:59,640 - __main__ - INFO - Extracting book data from website...
2025-04-13 12:06:59,666 - __main__ - INFO - 16 books extracted.
2025-04-13 12:07:32,981 - __main__ - INFO - Saving data to ./Hadith/sunnah_dot_com_data\bulugh\01_The Book of Purification.json...
2025-04-13 12:07:33,039 - __main__ - INFO - Data saved to ./Hadith/sunnah_dot_com_data\bulugh\01_The Book of Purification.json.
2025-04-13 12:08:51,422 - __main__ - INFO - Saving data to ./Hadith/sunnah_dot_com_data\bulugh\02_The Book of Prayer.json...
2025-04-13 12:08:51,560 - __main__ - INFO - Data saved to ./Hadith/sunnah_dot_com_data\bulugh\02_The Book of Prayer.json.
2025-04-13 12:09:05,401 - __main__ - INFO - Saving data to ./Hadith/sunnah_dot_com_data\bulugh\03_Funerals.json...
2025-04-13 12:09:05,417 - __main__ - INFO - Data saved to ./Hadith/sunnah_dot_com_data\bulugh\03_Funerals.json.
2025-04-13 12:09:14,204 - __main__ - INFO - Saving data to ./Hadith/sunnah_dot_com_data\bulugh\04_The Book of Zakah.json...
2025-04-13 12:09:14,218 - __main__ - INFO - Data saved to ./Hadith/sunnah_dot_com_data\bulugh\04_The Book of Zakah.json.
2025-04-13 12:09:24,731 - __main__ - INFO - Saving data to ./Hadith/sunnah_dot_com_data\bulugh\05_Fasting.json...
2025-04-13 12:09:24,746 - __main__ - INFO - Data saved to ./Hadith/sunnah_dot_com_data\bulugh\05_Fasting.json.
2025-04-13 12:09:38,408 - __main__ - INFO - Saving data to ./Hadith/sunnah_dot_com_data\bulugh\06_Hajj.json...
2025-04-13 12:09:38,429 - __main__ - INFO - Data saved to ./Hadith/sunnah_dot_com_data\bulugh\06_Hajj.json.
2025-04-13 12:10:18,992 - __main__ - INFO - Saving data to ./Hadith/sunnah_dot_com_data\bulugh\07_Business Transactions.json...
2025-04-13 12:10:19,052 - __main__ - INFO - Data saved to ./Hadith/sunnah_dot_com_data\bulugh\07_Business Transactions.json.
2025-04-13 12:10:55,151 - __main__ - INFO - Saving data to ./Hadith/sunnah_dot_com_data\bulugh\08_Marriage.json...
2025-04-13 12:10:55,173 - __main__ - INFO - Data saved to ./Hadith/sunnah_dot_com_data\bulugh\08_Marriage.json.
2025-04-13 12:11:03,117 - __main__ - INFO - Saving data to ./Hadith/sunnah_dot_com_data\bulugh\09_Crimes (Qisas or Retaliation).json...
2025-04-13 12:11:03,131 - __main__ - INFO - Data saved to ./Hadith/sunnah_dot_com_data\bulugh\09_Crimes (Qisas or Retaliation).json.
2025-04-13 12:11:13,814 - __main__ - INFO - Saving data to ./Hadith/sunnah_dot_com_data\bulugh\10_Hudud.json...
2025-04-13 12:11:13,834 - __main__ - INFO - Data saved to ./Hadith/sunnah_dot_com_data\bulugh\10_Hudud.json.
2025-04-13 12:11:25,581 - __main__ - INFO - Saving data to ./Hadith/sunnah_dot_com_data\bulugh\11_Jihad.json...
2025-04-13 12:11:25,598 - __main__ - INFO - Data saved to ./Hadith/sunnah_dot_com_data\bulugh\11_Jihad.json.
2025-04-13 12:11:33,846 - __main__ - INFO - Saving data to ./Hadith/sunnah_dot_com_data\bulugh\12_Food.json...
2025-04-13 12:11:33,861 - __main__ - INFO - Data saved to ./Hadith/sunnah_dot_com_data\bulugh\12_Food.json.
2025-04-13 12:11:37,320 - __main__ - INFO - Saving data to ./Hadith/sunnah_dot_com_data\bulugh\13_Oaths and Vows.json...
2025-04-13 12:11:37,328 - __main__ - INFO - Data saved to ./Hadith/sunnah_dot_com_data\bulugh\13_Oaths and Vows.json.
2025-04-13 12:11:42,810 - __main__ - INFO - Saving data to ./Hadith/sunnah_dot_com_data\bulugh\14_Judgments.json...
2025-04-13 12:11:42,823 - __main__ - INFO - Data saved to ./Hadith/sunnah_dot_com_data\bulugh\14_Judgments.json.
2025-04-13 12:11:45,869 - __main__ - INFO - Saving data to ./Hadith/sunnah_dot_com_data\bulugh\15_Emancipation.json...
2025-04-13 12:11:45,877 - __main__ - INFO - Data saved to ./Hadith/sunnah_dot_com_data\bulugh\15_Emancipation.json.
2025-04-13 12:12:09,131 - __main__ - INFO - Saving data to ./Hadith/sunnah_dot_com_data\bulugh\16_The Comprehensive Book.json...
2025-04-13 12:12:09,161 - __main__ - INFO - Data saved to ./Hadith/sunnah_dot_com_data\bulugh\16_The Comprehensive Book.json.
2025-04-13 12:12:09,166 - __main__ - INFO - Finished scraping bulugh.
2025-04-13 12:12:09,174 - __main__ - INFO - Scraping collection: forty...
2025-04-13 12:12:09,339 - __main__ - INFO - Extracting book data from website...
2025-04-13 12:12:09,349 - __main__ - INFO - 3 books extracted.
2025-04-13 12:12:09,767 - __main__ - INFO - Saving data to ./Hadith/sunnah_dot_com_data\forty\00_Forty Hadith of an-Nawawi.json...
2025-04-13 12:12:09,770 - __main__ - INFO - Data saved to ./Hadith/sunnah_dot_com_data\forty\00_Forty Hadith of an-Nawawi.json.
2025-04-13 12:12:10,184 - __main__ - INFO - Saving data to ./Hadith/sunnah_dot_com_data\forty\00_Forty Hadith Qudsi.json...
2025-04-13 12:12:10,187 - __main__ - INFO - Data saved to ./Hadith/sunnah_dot_com_data\forty\00_Forty Hadith Qudsi.json.
2025-04-13 12:12:10,607 - __main__ - INFO - Saving data to ./Hadith/sunnah_dot_com_data\forty\00_Forty Hadith of Shah Waliullah Dehlawi.json...
2025-04-13 12:12:10,612 - __main__ - INFO - Data saved to ./Hadith/sunnah_dot_com_data\forty\00_Forty Hadith of Shah Waliullah Dehlawi.json.
2025-04-13 12:12:10,615 - __main__ - INFO - Finished scraping forty.
2025-04-13 12:12:10,620 - __main__ - INFO - Scraping collection: hisn...
2025-04-13 12:12:13,093 - __main__ - INFO - Extracting book data from website...
2025-04-13 12:12:57,110 - __main__ - INFO - Saving data to ./Hadith/sunnah_dot_com_data\hisn\hadiths.json...
2025-04-13 12:12:57,172 - __main__ - INFO - Data saved to ./Hadith/sunnah_dot_com_data\hisn\hadiths.json.
2025-04-13 12:12:57,176 - __main__ - INFO - Finished scraping hisn.
