2025-04-13 11:37:56,545 - __main__ - INFO - Scraping collection: riyadussalihin...
2025-04-13 11:37:56,682 - __main__ - INFO - Extracting book data from website...
2025-04-13 11:37:56,694 - __main__ - INFO - 20 books extracted.
2025-04-13 11:37:57,071 - __main__ - INFO - Saving data to ./Hadith/sunnah_dot_com_data\riyadussalihin\00_The Book of Miscellany.json...
2025-04-13 11:37:57,073 - __main__ - INFO - Data saved to ./Hadith/sunnah_dot_com_data\riyadussalihin\00_The Book of Miscellany.json.
2025-04-13 11:38:05,835 - __main__ - INFO - Saving data to ./Hadith/sunnah_dot_com_data\riyadussalihin\01_The Book of Good Manners.json...
2025-04-13 11:38:05,842 - __main__ - INFO - Data saved to ./Hadith/sunnah_dot_com_data\riyadussalihin\01_The Book of Good Manners.json.
2025-04-13 11:38:14,343 - __main__ - INFO - Saving data to ./Hadith/sunnah_dot_com_data\riyadussalihin\02_The Book About the Etiquette of Eating.json...
2025-04-13 11:38:14,349 - __main__ - INFO - Data saved to ./Hadith/sunnah_dot_com_data\riyadussalihin\02_The Book About the Etiquette of Eating.json.
2025-04-13 11:38:20,642 - __main__ - INFO - Saving data to ./Hadith/sunnah_dot_com_data\riyadussalihin\03_The Book of Dress.json...
2025-04-13 11:38:20,649 - __main__ - INFO - Data saved to ./Hadith/sunnah_dot_com_data\riyadussalihin\03_The Book of Dress.json.
2025-04-13 11:38:25,423 - __main__ - INFO - Saving data to ./Hadith/sunnah_dot_com_data\riyadussalihin\04_The Book of the Etiquette of Sleeping, Lying and Sitting etc.json...
2025-04-13 11:38:25,427 - __main__ - INFO - Data saved to ./Hadith/sunnah_dot_com_data\riyadussalihin\04_The Book of the Etiquette of Sleeping, Lying and Sitting etc.json.
2025-04-13 11:38:33,977 - __main__ - INFO - Saving data to ./Hadith/sunnah_dot_com_data\riyadussalihin\05_The Book of Greetings.json...
2025-04-13 11:38:33,983 - __main__ - INFO - Data saved to ./Hadith/sunnah_dot_com_data\riyadussalihin\05_The Book of Greetings.json.
2025-04-13 11:38:44,369 - __main__ - INFO - Saving data to ./Hadith/sunnah_dot_com_data\riyadussalihin\06_The Book of Visiting the Sick.json...
2025-04-13 11:38:44,377 - __main__ - INFO - Data saved to ./Hadith/sunnah_dot_com_data\riyadussalihin\06_The Book of Visiting the Sick.json.
2025-04-13 11:38:50,191 - __main__ - INFO - Saving data to ./Hadith/sunnah_dot_com_data\riyadussalihin\07_The Book of Etiquette of Traveling.json...
2025-04-13 11:38:50,197 - __main__ - INFO - Data saved to ./Hadith/sunnah_dot_com_data\riyadussalihin\07_The Book of Etiquette of Traveling.json.
2025-04-13 11:39:37,869 - __main__ - INFO - Saving data to ./Hadith/sunnah_dot_com_data\riyadussalihin\08_The Book of Virtues.json...
2025-04-13 11:39:37,896 - __main__ - INFO - Data saved to ./Hadith/sunnah_dot_com_data\riyadussalihin\08_The Book of Virtues.json.
2025-04-13 11:39:38,601 - __main__ - INFO - Saving data to ./Hadith/sunnah_dot_com_data\riyadussalihin\09_The Book of I'tikaf.json...
2025-04-13 11:39:38,602 - __main__ - INFO - Data saved to ./Hadith/sunnah_dot_com_data\riyadussalihin\09_The Book of I'tikaf.json.
2025-04-13 11:39:41,218 - __main__ - INFO - Saving data to ./Hadith/sunnah_dot_com_data\riyadussalihin\10_The Book of Hajj.json...
2025-04-13 11:39:41,221 - __main__ - INFO - Data saved to ./Hadith/sunnah_dot_com_data\riyadussalihin\10_The Book of Hajj.json.
2025-04-13 11:39:57,074 - __main__ - INFO - Saving data to ./Hadith/sunnah_dot_com_data\riyadussalihin\11_The Book of Jihad.json...
2025-04-13 11:39:57,091 - __main__ - INFO - Data saved to ./Hadith/sunnah_dot_com_data\riyadussalihin\11_The Book of Jihad.json.
2025-04-13 11:40:00,611 - __main__ - INFO - Saving data to ./Hadith/sunnah_dot_com_data\riyadussalihin\12_The Book of Knowledge.json...
2025-04-13 11:40:00,617 - __main__ - INFO - Data saved to ./Hadith/sunnah_dot_com_data\riyadussalihin\12_The Book of Knowledge.json.
2025-04-13 11:40:01,504 - __main__ - INFO - Saving data to ./Hadith/sunnah_dot_com_data\riyadussalihin\13_The Book of Praise and Gratitude to Allah.json...
2025-04-13 11:40:01,507 - __main__ - INFO - Data saved to ./Hadith/sunnah_dot_com_data\riyadussalihin\13_The Book of Praise and Gratitude to Allah.json.
2025-04-13 11:40:03,678 - __main__ - INFO - Saving data to ./Hadith/sunnah_dot_com_data\riyadussalihin\14_The Book of Supplicating Allah to Exalt the Mention of Allah's Messenger.json...
2025-04-13 11:40:03,683 - __main__ - INFO - Data saved to ./Hadith/sunnah_dot_com_data\riyadussalihin\14_The Book of Supplicating Allah to Exalt the Mention of Allah's Messenger.json.
2025-04-13 11:40:13,632 - __main__ - INFO - Saving data to ./Hadith/sunnah_dot_com_data\riyadussalihin\15_The Book of the Remembrance of Allah.json...
2025-04-13 11:40:13,646 - __main__ - INFO - Data saved to ./Hadith/sunnah_dot_com_data\riyadussalihin\15_The Book of the Remembrance of Allah.json.
2025-04-13 11:40:21,245 - __main__ - INFO - Saving data to ./Hadith/sunnah_dot_com_data\riyadussalihin\16_The Book of Du'a (Supplications).json...
2025-04-13 11:40:21,261 - __main__ - INFO - Data saved to ./Hadith/sunnah_dot_com_data\riyadussalihin\16_The Book of Du'a (Supplications).json.
2025-04-13 11:41:14,564 - __main__ - INFO - Saving data to ./Hadith/sunnah_dot_com_data\riyadussalihin\17_The Book of the Prohibited actions.json...
2025-04-13 11:41:14,621 - __main__ - INFO - Data saved to ./Hadith/sunnah_dot_com_data\riyadussalihin\17_The Book of the Prohibited actions.json.
2025-04-13 11:41:25,740 - __main__ - INFO - Saving data to ./Hadith/sunnah_dot_com_data\riyadussalihin\18_The Book of Miscellaneous ahadith of Significant Values.json...
2025-04-13 11:41:25,756 - __main__ - INFO - Data saved to ./Hadith/sunnah_dot_com_data\riyadussalihin\18_The Book of Miscellaneous ahadith of Significant Values.json.
2025-04-13 11:41:30,554 - __main__ - INFO - Saving data to ./Hadith/sunnah_dot_com_data\riyadussalihin\19_The Book of Forgiveness.json...
2025-04-13 11:41:30,561 - __main__ - INFO - Data saved to ./Hadith/sunnah_dot_com_data\riyadussalihin\19_The Book of Forgiveness.json.
2025-04-13 11:41:30,565 - __main__ - INFO - Finished scraping riyadussalihin.
2025-04-13 11:41:30,569 - __main__ - INFO - Scraping collection: adab...
2025-04-13 11:41:30,798 - __main__ - INFO - Extracting book data from website...
2025-04-13 11:41:30,855 - __main__ - INFO - 57 books extracted.
2025-04-13 11:41:38,970 - __main__ - INFO - Saving data to ./Hadith/sunnah_dot_com_data\adab\01_Parents.json...
2025-04-13 11:41:38,986 - __main__ - INFO - Data saved to ./Hadith/sunnah_dot_com_data\adab\01_Parents.json.
2025-04-13 11:41:45,052 - __main__ - INFO - Saving data to ./Hadith/sunnah_dot_com_data\adab\02_Ties of Kinship.json...
2025-04-13 11:41:45,061 - __main__ - INFO - Data saved to ./Hadith/sunnah_dot_com_data\adab\02_Ties of Kinship.json.
2025-04-13 11:41:45,632 - __main__ - INFO - Saving data to ./Hadith/sunnah_dot_com_data\adab\03_Mawlas (Clients of Manumission).json...
2025-04-13 11:41:45,636 - __main__ - INFO - Data saved to ./Hadith/sunnah_dot_com_data\adab\03_Mawlas (Clients of Manumission).json.
2025-04-13 11:41:48,194 - __main__ - INFO - Saving data to ./Hadith/sunnah_dot_com_data\adab\04_Looking after girls.json...
2025-04-13 11:41:48,199 - __main__ - INFO - Data saved to ./Hadith/sunnah_dot_com_data\adab\04_Looking after girls.json.
2025-04-13 11:41:51,520 - __main__ - INFO - Saving data to ./Hadith/sunnah_dot_com_data\adab\05_Looking after children.json...
2025-04-13 11:41:51,525 - __main__ - INFO - Data saved to ./Hadith/sunnah_dot_com_data\adab\05_Looking after children.json.
2025-04-13 11:41:57,026 - __main__ - INFO - Saving data to ./Hadith/sunnah_dot_com_data\adab\06_Neighbours.json...
2025-04-13 11:41:57,034 - __main__ - INFO - Data saved to ./Hadith/sunnah_dot_com_data\adab\06_Neighbours.json.
2025-04-13 11:41:59,597 - __main__ - INFO - Saving data to ./Hadith/sunnah_dot_com_data\adab\07_Generosity and Orphans.json...
2025-04-13 11:41:59,602 - __main__ - INFO - Data saved to ./Hadith/sunnah_dot_com_data\adab\07_Generosity and Orphans.json.
2025-04-13 11:42:02,939 - __main__ - INFO - Saving data to ./Hadith/sunnah_dot_com_data\adab\08_Children's Death.json...
2025-04-13 11:42:02,946 - __main__ - INFO - Data saved to ./Hadith/sunnah_dot_com_data\adab\08_Children's Death.json.
2025-04-13 11:42:13,580 - __main__ - INFO - Saving data to ./Hadith/sunnah_dot_com_data\adab\09_Being a master.json...
2025-04-13 11:42:13,592 - __main__ - INFO - Data saved to ./Hadith/sunnah_dot_com_data\adab\09_Being a master.json.
2025-04-13 11:42:15,424 - __main__ - INFO - Saving data to ./Hadith/sunnah_dot_com_data\adab\10_Supervision.json...
2025-04-13 11:42:15,429 - __main__ - INFO - Data saved to ./Hadith/sunnah_dot_com_data\adab\10_Supervision.json.
2025-04-13 11:42:18,825 - __main__ - INFO - Saving data to ./Hadith/sunnah_dot_com_data\adab\11_Good Conduct.json...
2025-04-13 11:42:18,832 - __main__ - INFO - Data saved to ./Hadith/sunnah_dot_com_data\adab\11_Good Conduct.json.
2025-04-13 11:42:22,341 - __main__ - INFO - Saving data to ./Hadith/sunnah_dot_com_data\adab\12_Cheerfulness Towards People.json...
2025-04-13 11:42:22,346 - __main__ - INFO - Data saved to ./Hadith/sunnah_dot_com_data\adab\12_Cheerfulness Towards People.json.
2025-04-13 11:42:23,213 - __main__ - INFO - Saving data to ./Hadith/sunnah_dot_com_data\adab\13_Consultation.json...
2025-04-13 11:42:23,220 - __main__ - INFO - Data saved to ./Hadith/sunnah_dot_com_data\adab\13_Consultation.json.
2025-04-13 11:42:31,386 - __main__ - INFO - Saving data to ./Hadith/sunnah_dot_com_data\adab\14_Excellence in Character.json...
2025-04-13 11:42:31,397 - __main__ - INFO - Data saved to ./Hadith/sunnah_dot_com_data\adab\14_Excellence in Character.json.
2025-04-13 11:42:35,965 - __main__ - INFO - Saving data to ./Hadith/sunnah_dot_com_data\adab\15_Cursing.json...
2025-04-13 11:42:35,972 - __main__ - INFO - Data saved to ./Hadith/sunnah_dot_com_data\adab\15_Cursing.json.
2025-04-13 11:42:38,024 - __main__ - INFO - Saving data to ./Hadith/sunnah_dot_com_data\adab\16_Praise.json...
2025-04-13 11:42:38,028 - __main__ - INFO - Data saved to ./Hadith/sunnah_dot_com_data\adab\16_Praise.json.
2025-04-13 11:42:39,995 - __main__ - INFO - Saving data to ./Hadith/sunnah_dot_com_data\adab\17_Visitation.json...
2025-04-13 11:42:40,000 - __main__ - INFO - Data saved to ./Hadith/sunnah_dot_com_data\adab\17_Visitation.json.
2025-04-13 11:42:41,840 - __main__ - INFO - Saving data to ./Hadith/sunnah_dot_com_data\adab\18_The Elderly.json...
2025-04-13 11:42:41,844 - __main__ - INFO - Data saved to ./Hadith/sunnah_dot_com_data\adab\18_The Elderly.json.
2025-04-13 11:42:43,860 - __main__ - INFO - Saving data to ./Hadith/sunnah_dot_com_data\adab\19_Children.json...
2025-04-13 11:42:43,865 - __main__ - INFO - Data saved to ./Hadith/sunnah_dot_com_data\adab\19_Children.json.
2025-04-13 11:42:46,317 - __main__ - INFO - Saving data to ./Hadith/sunnah_dot_com_data\adab\20_Mercy.json...
2025-04-13 11:42:46,323 - __main__ - INFO - Data saved to ./Hadith/sunnah_dot_com_data\adab\20_Mercy.json.
2025-04-13 11:42:48,951 - __main__ - INFO - Saving data to ./Hadith/sunnah_dot_com_data\adab\21_Social Behaviour.json...
2025-04-13 11:42:48,956 - __main__ - INFO - Data saved to ./Hadith/sunnah_dot_com_data\adab\21_Social Behaviour.json.
2025-04-13 11:42:52,550 - __main__ - INFO - Saving data to ./Hadith/sunnah_dot_com_data\adab\22_Abandonment.json...
2025-04-13 11:42:52,555 - __main__ - INFO - Data saved to ./Hadith/sunnah_dot_com_data\adab\22_Abandonment.json.
2025-04-13 11:42:53,618 - __main__ - INFO - Saving data to ./Hadith/sunnah_dot_com_data\adab\23_Advising.json...
2025-04-13 11:42:53,621 - __main__ - INFO - Data saved to ./Hadith/sunnah_dot_com_data\adab\23_Advising.json.
2025-04-13 11:42:58,299 - __main__ - INFO - Saving data to ./Hadith/sunnah_dot_com_data\adab\24_Disparaging.json...
2025-04-13 11:42:58,305 - __main__ - INFO - Data saved to ./Hadith/sunnah_dot_com_data\adab\24_Disparaging.json.
2025-04-13 11:43:02,602 - __main__ - INFO - Saving data to ./Hadith/sunnah_dot_com_data\adab\25_Extravagance in Building.json...
2025-04-13 11:43:02,608 - __main__ - INFO - Data saved to ./Hadith/sunnah_dot_com_data\adab\25_Extravagance in Building.json.
2025-04-13 11:43:05,309 - __main__ - INFO - Saving data to ./Hadith/sunnah_dot_com_data\adab\26_Compassion.json...
2025-04-13 11:43:05,315 - __main__ - INFO - Data saved to ./Hadith/sunnah_dot_com_data\adab\26_Compassion.json.
2025-04-13 11:43:06,728 - __main__ - INFO - Saving data to ./Hadith/sunnah_dot_com_data\adab\27_Attending to this world.json...
2025-04-13 11:43:06,733 - __main__ - INFO - Data saved to ./Hadith/sunnah_dot_com_data\adab\27_Attending to this world.json.
2025-04-13 11:43:08,304 - __main__ - INFO - Saving data to ./Hadith/sunnah_dot_com_data\adab\28_Injustice.json...
2025-04-13 11:43:08,308 - __main__ - INFO - Data saved to ./Hadith/sunnah_dot_com_data\adab\28_Injustice.json.
2025-04-13 11:43:17,299 - __main__ - INFO - Saving data to ./Hadith/sunnah_dot_com_data\adab\29_Visiting the Ill.json...
2025-04-13 11:43:17,309 - __main__ - INFO - Data saved to ./Hadith/sunnah_dot_com_data\adab\29_Visiting the Ill.json.
2025-04-13 11:43:29,640 - __main__ - INFO - Saving data to ./Hadith/sunnah_dot_com_data\adab\30_General Behavior.json...
2025-04-13 11:43:29,654 - __main__ - INFO - Data saved to ./Hadith/sunnah_dot_com_data\adab\30_General Behavior.json.
2025-04-13 11:43:55,386 - __main__ - INFO - Saving data to ./Hadith/sunnah_dot_com_data\adab\31_Supplication.json...
2025-04-13 11:43:55,411 - __main__ - INFO - Data saved to ./Hadith/sunnah_dot_com_data\adab\31_Supplication.json.
2025-04-13 11:43:58,522 - __main__ - INFO - Saving data to ./Hadith/sunnah_dot_com_data\adab\32_Guests and Spending.json...
2025-04-13 11:43:58,526 - __main__ - INFO - Data saved to ./Hadith/sunnah_dot_com_data\adab\32_Guests and Spending.json.
2025-04-13 11:44:12,543 - __main__ - INFO - Saving data to ./Hadith/sunnah_dot_com_data\adab\33_Sayings.json...
2025-04-13 11:44:12,555 - __main__ - INFO - Data saved to ./Hadith/sunnah_dot_com_data\adab\33_Sayings.json.
2025-04-13 11:44:18,567 - __main__ - INFO - Saving data to ./Hadith/sunnah_dot_com_data\adab\34_Names.json...
2025-04-13 11:44:18,575 - __main__ - INFO - Data saved to ./Hadith/sunnah_dot_com_data\adab\34_Names.json.
2025-04-13 11:44:21,643 - __main__ - INFO - Saving data to ./Hadith/sunnah_dot_com_data\adab\35_Kunyas.json...
2025-04-13 11:44:21,647 - __main__ - INFO - Data saved to ./Hadith/sunnah_dot_com_data\adab\35_Kunyas.json.
2025-04-13 11:44:25,359 - __main__ - INFO - Saving data to ./Hadith/sunnah_dot_com_data\adab\36_Poetry.json...
2025-04-13 11:44:25,365 - __main__ - INFO - Data saved to ./Hadith/sunnah_dot_com_data\adab\36_Poetry.json.
2025-04-13 11:44:28,109 - __main__ - INFO - Saving data to ./Hadith/sunnah_dot_com_data\adab\37_Words.json...
2025-04-13 11:44:28,113 - __main__ - INFO - Data saved to ./Hadith/sunnah_dot_com_data\adab\37_Words.json.
2025-04-13 11:44:31,859 - __main__ - INFO - Saving data to ./Hadith/sunnah_dot_com_data\adab\38_Consequences.json...
2025-04-13 11:44:31,864 - __main__ - INFO - Data saved to ./Hadith/sunnah_dot_com_data\adab\38_Consequences.json.
2025-04-13 11:44:34,217 - __main__ - INFO - Saving data to ./Hadith/sunnah_dot_com_data\adab\39_Omens.json...
2025-04-13 11:44:34,222 - __main__ - INFO - Data saved to ./Hadith/sunnah_dot_com_data\adab\39_Omens.json.
2025-04-13 11:44:40,322 - __main__ - INFO - Saving data to ./Hadith/sunnah_dot_com_data\adab\40_Sneezing and Yawning.json...
2025-04-13 11:44:40,330 - __main__ - INFO - Data saved to ./Hadith/sunnah_dot_com_data\adab\40_Sneezing and Yawning.json.
2025-04-13 11:44:42,967 - __main__ - INFO - Saving data to ./Hadith/sunnah_dot_com_data\adab\41_Gestures.json...
2025-04-13 11:44:42,972 - __main__ - INFO - Data saved to ./Hadith/sunnah_dot_com_data\adab\41_Gestures.json.
2025-04-13 11:44:59,789 - __main__ - INFO - Saving data to ./Hadith/sunnah_dot_com_data\adab\42_Greetings.json...
2025-04-13 11:44:59,808 - __main__ - INFO - Data saved to ./Hadith/sunnah_dot_com_data\adab\42_Greetings.json.
2025-04-13 11:45:10,281 - __main__ - INFO - Saving data to ./Hadith/sunnah_dot_com_data\adab\43_Asking Permission.json...
2025-04-13 11:45:10,291 - __main__ - INFO - Data saved to ./Hadith/sunnah_dot_com_data\adab\43_Asking Permission.json.
2025-04-13 11:45:13,454 - __main__ - INFO - Saving data to ./Hadith/sunnah_dot_com_data\adab\44_The People of the Book.json...
2025-04-13 11:45:13,459 - __main__ - INFO - Data saved to ./Hadith/sunnah_dot_com_data\adab\44_The People of the Book.json.
2025-04-13 11:45:17,164 - __main__ - INFO - Saving data to ./Hadith/sunnah_dot_com_data\adab\45_Letters.json...
2025-04-13 11:45:17,170 - __main__ - INFO - Data saved to ./Hadith/sunnah_dot_com_data\adab\45_Letters.json.
2025-04-13 11:45:20,976 - __main__ - INFO - Saving data to ./Hadith/sunnah_dot_com_data\adab\46_Gatherings.json...
2025-04-13 11:45:20,981 - __main__ - INFO - Data saved to ./Hadith/sunnah_dot_com_data\adab\46_Gatherings.json.
2025-04-13 11:45:25,323 - __main__ - INFO - Saving data to ./Hadith/sunnah_dot_com_data\adab\47_Behaviour with people.json...
2025-04-13 11:45:25,329 - __main__ - INFO - Data saved to ./Hadith/sunnah_dot_com_data\adab\47_Behaviour with people.json.
2025-04-13 11:45:29,977 - __main__ - INFO - Saving data to ./Hadith/sunnah_dot_com_data\adab\48_Sitting and lying down.json...
2025-04-13 11:45:29,987 - __main__ - INFO - Data saved to ./Hadith/sunnah_dot_com_data\adab\48_Sitting and lying down.json.
2025-04-13 11:45:31,369 - __main__ - INFO - Saving data to ./Hadith/sunnah_dot_com_data\adab\49_Mornings and evenings.json...
2025-04-13 11:45:31,372 - __main__ - INFO - Data saved to ./Hadith/sunnah_dot_com_data\adab\49_Mornings and evenings.json.
2025-04-13 11:45:36,046 - __main__ - INFO - Saving data to ./Hadith/sunnah_dot_com_data\adab\50_Sleep and night lodging.json...
2025-04-13 11:45:36,053 - __main__ - INFO - Data saved to ./Hadith/sunnah_dot_com_data\adab\50_Sleep and night lodging.json.
2025-04-13 11:45:37,213 - __main__ - INFO - Saving data to ./Hadith/sunnah_dot_com_data\adab\51_Animals.json...
2025-04-13 11:45:37,217 - __main__ - INFO - Data saved to ./Hadith/sunnah_dot_com_data\adab\51_Animals.json.
2025-04-13 11:45:38,501 - __main__ - INFO - Saving data to ./Hadith/sunnah_dot_com_data\adab\52_Midday Naps.json...
2025-04-13 11:45:38,503 - __main__ - INFO - Data saved to ./Hadith/sunnah_dot_com_data\adab\52_Midday Naps.json.
2025-04-13 11:45:41,080 - __main__ - INFO - Saving data to ./Hadith/sunnah_dot_com_data\adab\53_Circumcision.json...
2025-04-13 11:45:41,087 - __main__ - INFO - Data saved to ./Hadith/sunnah_dot_com_data\adab\53_Circumcision.json.
2025-04-13 11:45:46,049 - __main__ - INFO - Saving data to ./Hadith/sunnah_dot_com_data\adab\54_Betting and similar pastimes.json...
2025-04-13 11:45:46,054 - __main__ - INFO - Data saved to ./Hadith/sunnah_dot_com_data\adab\54_Betting and similar pastimes.json.
2025-04-13 11:45:49,973 - __main__ - INFO - Saving data to ./Hadith/sunnah_dot_com_data\adab\55_Recognition.json...
2025-04-13 11:45:49,981 - __main__ - INFO - Data saved to ./Hadith/sunnah_dot_com_data\adab\55_Recognition.json.
2025-04-13 11:45:51,984 - __main__ - INFO - Saving data to ./Hadith/sunnah_dot_com_data\adab\56_Meddling and Harshness.json...
2025-04-13 11:45:51,990 - __main__ - INFO - Data saved to ./Hadith/sunnah_dot_com_data\adab\56_Meddling and Harshness.json.
2025-04-13 11:45:53,350 - __main__ - INFO - Saving data to ./Hadith/sunnah_dot_com_data\adab\57_Anger.json...
2025-04-13 11:45:53,353 - __main__ - INFO - Data saved to ./Hadith/sunnah_dot_com_data\adab\57_Anger.json.
2025-04-13 11:45:53,356 - __main__ - INFO - Finished scraping adab.
2025-04-13 11:45:53,359 - __main__ - INFO - Scraping collection: shamail...
2025-04-13 11:45:53,574 - __main__ - INFO - Extracting book data from website...
2025-04-13 11:45:53,632 - __main__ - INFO - 57 books extracted.
2025-04-13 11:45:56,097 - __main__ - INFO - Saving data to ./Hadith/sunnah_dot_com_data\shamail\01_The Noble Features Of Rasoolullah.json...
2025-04-13 11:45:56,103 - __main__ - INFO - Data saved to ./Hadith/sunnah_dot_com_data\shamail\01_The Noble Features Of Rasoolullah.json.
2025-04-13 11:45:57,567 - __main__ - INFO - Saving data to ./Hadith/sunnah_dot_com_data\shamail\02_Seal Of Nubuwwah (Prophethood) Of Rasoolullah.json...
2025-04-13 11:45:57,570 - __main__ - INFO - Data saved to ./Hadith/sunnah_dot_com_data\shamail\02_Seal Of Nubuwwah (Prophethood) Of Rasoolullah.json.
2025-04-13 11:45:59,037 - __main__ - INFO - Saving data to ./Hadith/sunnah_dot_com_data\shamail\03_The Mubarak Hair Of Rasoolullah.json...
2025-04-13 11:45:59,040 - __main__ - INFO - Data saved to ./Hadith/sunnah_dot_com_data\shamail\03_The Mubarak Hair Of Rasoolullah.json.
2025-04-13 11:46:00,048 - __main__ - INFO - Saving data to ./Hadith/sunnah_dot_com_data\shamail\04_The Combing Of The Hair Of Rasoolullah.json...
2025-04-13 11:46:00,053 - __main__ - INFO - Data saved to ./Hadith/sunnah_dot_com_data\shamail\04_The Combing Of The Hair Of Rasoolullah.json.
2025-04-13 11:46:01,969 - __main__ - INFO - Saving data to ./Hadith/sunnah_dot_com_data\shamail\05_Appearing Of The White Hair Of Rasoolullah.json...
2025-04-13 11:46:01,973 - __main__ - INFO - Data saved to ./Hadith/sunnah_dot_com_data\shamail\05_Appearing Of The White Hair Of Rasoolullah.json.
2025-04-13 11:46:03,273 - __main__ - INFO - Saving data to ./Hadith/sunnah_dot_com_data\shamail\06_Rasoolullah Using a Dye.json...
2025-04-13 11:46:03,276 - __main__ - INFO - Data saved to ./Hadith/sunnah_dot_com_data\shamail\06_Rasoolullah Using a Dye.json.
2025-04-13 11:46:04,332 - __main__ - INFO - Saving data to ./Hadith/sunnah_dot_com_data\shamail\07_Kuhl Of Rasoolullah.json...
2025-04-13 11:46:04,336 - __main__ - INFO - Data saved to ./Hadith/sunnah_dot_com_data\shamail\07_Kuhl Of Rasoolullah.json.
2025-04-13 11:46:07,485 - __main__ - INFO - Saving data to ./Hadith/sunnah_dot_com_data\shamail\08_The Dressing Of Rasoolullah.json...
2025-04-13 11:46:07,492 - __main__ - INFO - Data saved to ./Hadith/sunnah_dot_com_data\shamail\08_The Dressing Of Rasoolullah.json.
2025-04-13 11:46:08,086 - __main__ - INFO - Saving data to ./Hadith/sunnah_dot_com_data\shamail\8b_The Standard of Living of Rasoolullah.json...
2025-04-13 11:46:08,088 - __main__ - INFO - Data saved to ./Hadith/sunnah_dot_com_data\shamail\8b_The Standard of Living of Rasoolullah.json.
2025-04-13 11:46:08,751 - __main__ - INFO - Saving data to ./Hadith/sunnah_dot_com_data\shamail\09_The Khuff (Leather Socks) Of Rasoolullah.json...
2025-04-13 11:46:08,754 - __main__ - INFO - Data saved to ./Hadith/sunnah_dot_com_data\shamail\09_The Khuff (Leather Socks) Of Rasoolullah.json.
2025-04-13 11:46:10,858 - __main__ - INFO - Saving data to ./Hadith/sunnah_dot_com_data\shamail\10_The Shoes Of Rasoolullah.json...
2025-04-13 11:46:10,862 - __main__ - INFO - Data saved to ./Hadith/sunnah_dot_com_data\shamail\10_The Shoes Of Rasoolullah.json.
2025-04-13 11:46:12,379 - __main__ - INFO - Saving data to ./Hadith/sunnah_dot_com_data\shamail\11_The Mubarak Ring Of Rasoolullah.json...
2025-04-13 11:46:12,382 - __main__ - INFO - Data saved to ./Hadith/sunnah_dot_com_data\shamail\11_The Mubarak Ring Of Rasoolullah.json.
2025-04-13 11:46:14,098 - __main__ - INFO - Saving data to ./Hadith/sunnah_dot_com_data\shamail\12_Stating That Rasoolullah Wore The Ring On His Right Hand.json...
2025-04-13 11:46:14,103 - __main__ - INFO - Data saved to ./Hadith/sunnah_dot_com_data\shamail\12_Stating That Rasoolullah Wore The Ring On His Right Hand.json.
2025-04-13 11:46:15,059 - __main__ - INFO - Saving data to ./Hadith/sunnah_dot_com_data\shamail\13_The Sword Of Rasoolullah.json...
2025-04-13 11:46:15,062 - __main__ - INFO - Data saved to ./Hadith/sunnah_dot_com_data\shamail\13_The Sword Of Rasoolullah.json.
2025-04-13 11:46:15,641 - __main__ - INFO - Saving data to ./Hadith/sunnah_dot_com_data\shamail\14_The Armor Of Rasoolullah.json...
2025-04-13 11:46:15,644 - __main__ - INFO - Data saved to ./Hadith/sunnah_dot_com_data\shamail\14_The Armor Of Rasoolullah.json.
2025-04-13 11:46:16,186 - __main__ - INFO - Saving data to ./Hadith/sunnah_dot_com_data\shamail\15_The Helmet Of Rasoolullah.json...
2025-04-13 11:46:16,189 - __main__ - INFO - Data saved to ./Hadith/sunnah_dot_com_data\shamail\15_The Helmet Of Rasoolullah.json.
2025-04-13 11:46:17,279 - __main__ - INFO - Saving data to ./Hadith/sunnah_dot_com_data\shamail\16_The Turban Of Rasoolullah.json...
2025-04-13 11:46:17,282 - __main__ - INFO - Data saved to ./Hadith/sunnah_dot_com_data\shamail\16_The Turban Of Rasoolullah.json.
2025-04-13 11:46:18,112 - __main__ - INFO - Saving data to ./Hadith/sunnah_dot_com_data\shamail\17_The Lungi Of Rasoolullah.json...
2025-04-13 11:46:18,116 - __main__ - INFO - Data saved to ./Hadith/sunnah_dot_com_data\shamail\17_The Lungi Of Rasoolullah.json.
2025-04-13 11:46:19,076 - __main__ - INFO - Saving data to ./Hadith/sunnah_dot_com_data\shamail\18_The Walking Of Rasoolullah.json...
2025-04-13 11:46:19,081 - __main__ - INFO - Data saved to ./Hadith/sunnah_dot_com_data\shamail\18_The Walking Of Rasoolullah.json.
2025-04-13 11:46:19,452 - __main__ - INFO - Saving data to ./Hadith/sunnah_dot_com_data\shamail\19_The Qinaa Of Rasoolullah.json...
2025-04-13 11:46:19,455 - __main__ - INFO - Data saved to ./Hadith/sunnah_dot_com_data\shamail\19_The Qinaa Of Rasoolullah.json.
2025-04-13 11:46:20,322 - __main__ - INFO - Saving data to ./Hadith/sunnah_dot_com_data\shamail\20_The Sitting Of Rasoolullah.json...
2025-04-13 11:46:20,325 - __main__ - INFO - Data saved to ./Hadith/sunnah_dot_com_data\shamail\20_The Sitting Of Rasoolullah.json.
2025-04-13 11:46:21,402 - __main__ - INFO - Saving data to ./Hadith/sunnah_dot_com_data\shamail\21_The Pillow Of Rasoolullah.json...
2025-04-13 11:46:21,406 - __main__ - INFO - Data saved to ./Hadith/sunnah_dot_com_data\shamail\21_The Pillow Of Rasoolullah.json.
2025-04-13 11:46:21,974 - __main__ - INFO - Saving data to ./Hadith/sunnah_dot_com_data\shamail\22_Rasoolullah Leaning On Something Other Than a Pillow.json...
2025-04-13 11:46:21,977 - __main__ - INFO - Data saved to ./Hadith/sunnah_dot_com_data\shamail\22_Rasoolullah Leaning On Something Other Than a Pillow.json.
2025-04-13 11:46:23,198 - __main__ - INFO - Saving data to ./Hadith/sunnah_dot_com_data\shamail\23_Description Of The Eating Of Rasoolullah.json...
2025-04-13 11:46:23,204 - __main__ - INFO - Data saved to ./Hadith/sunnah_dot_com_data\shamail\23_Description Of The Eating Of Rasoolullah.json.
2025-04-13 11:46:24,774 - __main__ - INFO - Saving data to ./Hadith/sunnah_dot_com_data\shamail\24_The Bread Of Rasoolullah.json...
2025-04-13 11:46:24,778 - __main__ - INFO - Data saved to ./Hadith/sunnah_dot_com_data\shamail\24_The Bread Of Rasoolullah.json.
2025-04-13 11:46:30,868 - __main__ - INFO - Saving data to ./Hadith/sunnah_dot_com_data\shamail\25_What Rasoolullah Would Eat with Bread.json...
2025-04-13 11:46:30,876 - __main__ - INFO - Data saved to ./Hadith/sunnah_dot_com_data\shamail\25_What Rasoolullah Would Eat with Bread.json.
2025-04-13 11:46:31,764 - __main__ - INFO - Saving data to ./Hadith/sunnah_dot_com_data\shamail\26_Rasoolullah Performing Wudu At The Time Of Eating.json...
2025-04-13 11:46:31,768 - __main__ - INFO - Data saved to ./Hadith/sunnah_dot_com_data\shamail\26_Rasoolullah Performing Wudu At The Time Of Eating.json.
2025-04-13 11:46:33,237 - __main__ - INFO - Saving data to ./Hadith/sunnah_dot_com_data\shamail\27_The Words That Of Rasoolullah Said Before and After Eating.json...
2025-04-13 11:46:33,241 - __main__ - INFO - Data saved to ./Hadith/sunnah_dot_com_data\shamail\27_The Words That Of Rasoolullah Said Before and After Eating.json.
2025-04-13 11:46:33,758 - __main__ - INFO - Saving data to ./Hadith/sunnah_dot_com_data\shamail\28_The Cup Of Rasoolullah.json...
2025-04-13 11:46:33,760 - __main__ - INFO - Data saved to ./Hadith/sunnah_dot_com_data\shamail\28_The Cup Of Rasoolullah.json.
2025-04-13 11:46:35,271 - __main__ - INFO - Saving data to ./Hadith/sunnah_dot_com_data\shamail\29_The Fruits Eaten By Rasoolullah.json...
2025-04-13 11:46:35,275 - __main__ - INFO - Data saved to ./Hadith/sunnah_dot_com_data\shamail\29_The Fruits Eaten By Rasoolullah.json.
2025-04-13 11:46:36,587 - __main__ - INFO - Saving data to ./Hadith/sunnah_dot_com_data\shamail\30_Description Of The Things Rasoolullah Drank.json...
2025-04-13 11:46:36,590 - __main__ - INFO - Data saved to ./Hadith/sunnah_dot_com_data\shamail\30_Description Of The Things Rasoolullah Drank.json.
2025-04-13 11:46:38,369 - __main__ - INFO - Saving data to ./Hadith/sunnah_dot_com_data\shamail\31_Hadith Describing The Manner Rasoolullah Drank.json...
2025-04-13 11:46:38,374 - __main__ - INFO - Data saved to ./Hadith/sunnah_dot_com_data\shamail\31_Hadith Describing The Manner Rasoolullah Drank.json.
2025-04-13 11:46:39,588 - __main__ - INFO - Saving data to ./Hadith/sunnah_dot_com_data\shamail\32_Rasoolullah Using 'Itr.json...
2025-04-13 11:46:39,593 - __main__ - INFO - Data saved to ./Hadith/sunnah_dot_com_data\shamail\32_Rasoolullah Using 'Itr.json.
2025-04-13 11:46:40,204 - __main__ - INFO - Saving data to ./Hadith/sunnah_dot_com_data\shamail\33_The Speech Of rasoolullah.json...
2025-04-13 11:46:40,207 - __main__ - INFO - Data saved to ./Hadith/sunnah_dot_com_data\shamail\33_The Speech Of rasoolullah.json.
2025-04-13 11:46:42,072 - __main__ - INFO - Saving data to ./Hadith/sunnah_dot_com_data\shamail\34_The Laughing Of Rasoolullah.json...
2025-04-13 11:46:42,077 - __main__ - INFO - Data saved to ./Hadith/sunnah_dot_com_data\shamail\34_The Laughing Of Rasoolullah.json.
2025-04-13 11:46:43,280 - __main__ - INFO - Saving data to ./Hadith/sunnah_dot_com_data\shamail\35_Description Of The Joking Of Rasoolullah.json...
2025-04-13 11:46:43,284 - __main__ - INFO - Data saved to ./Hadith/sunnah_dot_com_data\shamail\35_Description Of The Joking Of Rasoolullah.json.
2025-04-13 11:46:45,113 - __main__ - INFO - Saving data to ./Hadith/sunnah_dot_com_data\shamail\36_Description Of The Saying Of Rasoolullah On Poetry.json...
2025-04-13 11:46:45,118 - __main__ - INFO - Data saved to ./Hadith/sunnah_dot_com_data\shamail\36_Description Of The Saying Of Rasoolullah On Poetry.json.
2025-04-13 11:46:45,512 - __main__ - INFO - Saving data to ./Hadith/sunnah_dot_com_data\shamail\37_Story Telling Of Rasoolullah At Night.json...
2025-04-13 11:46:45,514 - __main__ - INFO - Data saved to ./Hadith/sunnah_dot_com_data\shamail\37_Story Telling Of Rasoolullah At Night.json.
2025-04-13 11:46:45,897 - __main__ - INFO - Saving data to ./Hadith/sunnah_dot_com_data\shamail\38_Hadith of Umm Zar`.json...
2025-04-13 11:46:45,899 - __main__ - INFO - Data saved to ./Hadith/sunnah_dot_com_data\shamail\38_Hadith of Umm Zar`.json.
2025-04-13 11:46:47,265 - __main__ - INFO - Saving data to ./Hadith/sunnah_dot_com_data\shamail\39_The Sleeping Of Rasoolullah.json...
2025-04-13 11:46:47,270 - __main__ - INFO - Data saved to ./Hadith/sunnah_dot_com_data\shamail\39_The Sleeping Of Rasoolullah.json.
2025-04-13 11:46:51,771 - __main__ - INFO - Saving data to ./Hadith/sunnah_dot_com_data\shamail\40_Worship And Devotion Of Rasoolullah.json...
2025-04-13 11:46:51,778 - __main__ - INFO - Data saved to ./Hadith/sunnah_dot_com_data\shamail\40_Worship And Devotion Of Rasoolullah.json.
2025-04-13 11:46:53,436 - __main__ - INFO - Saving data to ./Hadith/sunnah_dot_com_data\shamail\41_Salaatut Duha (Chaast Prayers).json...
2025-04-13 11:46:53,440 - __main__ - INFO - Data saved to ./Hadith/sunnah_dot_com_data\shamail\41_Salaatut Duha (Chaast Prayers).json.
2025-04-13 11:46:53,831 - __main__ - INFO - Saving data to ./Hadith/sunnah_dot_com_data\shamail\42_Sayyidina Rasoolullah Performing Nawaafil At Home.json...
2025-04-13 11:46:53,836 - __main__ - INFO - Data saved to ./Hadith/sunnah_dot_com_data\shamail\42_Sayyidina Rasoolullah Performing Nawaafil At Home.json.
2025-04-13 11:46:56,845 - __main__ - INFO - Saving data to ./Hadith/sunnah_dot_com_data\shamail\43_The Fasting Of Sayyidina Rasoolullah.json...
2025-04-13 11:46:56,850 - __main__ - INFO - Data saved to ./Hadith/sunnah_dot_com_data\shamail\43_The Fasting Of Sayyidina Rasoolullah.json.
2025-04-13 11:46:58,530 - __main__ - INFO - Saving data to ./Hadith/sunnah_dot_com_data\shamail\44_The Recital Of Sayyidina Rasoolullah.json...
2025-04-13 11:46:58,535 - __main__ - INFO - Data saved to ./Hadith/sunnah_dot_com_data\shamail\44_The Recital Of Sayyidina Rasoolullah.json.
2025-04-13 11:46:59,794 - __main__ - INFO - Saving data to ./Hadith/sunnah_dot_com_data\shamail\45_The Weeping Of Sayyidina Rasoolullah.json...
2025-04-13 11:46:59,798 - __main__ - INFO - Data saved to ./Hadith/sunnah_dot_com_data\shamail\45_The Weeping Of Sayyidina Rasoolullah.json.
2025-04-13 11:47:00,593 - __main__ - INFO - Saving data to ./Hadith/sunnah_dot_com_data\shamail\46_Narrations Of The Bed Of Sayyidina Rasoolullah.json...
2025-04-13 11:47:00,596 - __main__ - INFO - Data saved to ./Hadith/sunnah_dot_com_data\shamail\46_Narrations Of The Bed Of Sayyidina Rasoolullah.json.
2025-04-13 11:47:03,455 - __main__ - INFO - Saving data to ./Hadith/sunnah_dot_com_data\shamail\47_The Humbleness Of Sayyidina Rasoolullah.json...
2025-04-13 11:47:03,461 - __main__ - INFO - Data saved to ./Hadith/sunnah_dot_com_data\shamail\47_The Humbleness Of Sayyidina Rasoolullah.json.
2025-04-13 11:47:06,581 - __main__ - INFO - Saving data to ./Hadith/sunnah_dot_com_data\shamail\48_Noble Character And Habits Of Sayyidina Rasoolullah.json...
2025-04-13 11:47:06,588 - __main__ - INFO - Data saved to ./Hadith/sunnah_dot_com_data\shamail\48_Noble Character And Habits Of Sayyidina Rasoolullah.json.
2025-04-13 11:47:07,152 - __main__ - INFO - Saving data to ./Hadith/sunnah_dot_com_data\shamail\49_Modesty Of Sayyidina Rasoolullah.json...
2025-04-13 11:47:07,155 - __main__ - INFO - Data saved to ./Hadith/sunnah_dot_com_data\shamail\49_Modesty Of Sayyidina Rasoolullah.json.
2025-04-13 11:47:08,494 - __main__ - INFO - Saving data to ./Hadith/sunnah_dot_com_data\shamail\50_Hajaamah (Cupping-Cautering) Of Sayyidina Rasoolullah.json...
2025-04-13 11:47:08,497 - __main__ - INFO - Data saved to ./Hadith/sunnah_dot_com_data\shamail\50_Hajaamah (Cupping-Cautering) Of Sayyidina Rasoolullah.json.
2025-04-13 11:47:09,019 - __main__ - INFO - Saving data to ./Hadith/sunnah_dot_com_data\shamail\51_The Names Of Sayyidina Rasoolullah.json...
2025-04-13 11:47:09,021 - __main__ - INFO - Data saved to ./Hadith/sunnah_dot_com_data\shamail\51_The Names Of Sayyidina Rasoolullah.json.
2025-04-13 11:47:11,114 - __main__ - INFO - Saving data to ./Hadith/sunnah_dot_com_data\shamail\52_The Living Of Sayyidina Rasoolullah.json...
2025-04-13 11:47:11,118 - __main__ - INFO - Data saved to ./Hadith/sunnah_dot_com_data\shamail\52_The Living Of Sayyidina Rasoolullah.json.
2025-04-13 11:47:12,381 - __main__ - INFO - Saving data to ./Hadith/sunnah_dot_com_data\shamail\53_The Noble Age Of Sayyidina Rasoolullah.json...
2025-04-13 11:47:12,385 - __main__ - INFO - Data saved to ./Hadith/sunnah_dot_com_data\shamail\53_The Noble Age Of Sayyidina Rasoolullah.json.
2025-04-13 11:47:15,010 - __main__ - INFO - Saving data to ./Hadith/sunnah_dot_com_data\shamail\54_The Death Of Sayyidina Rasoolullah.json...
2025-04-13 11:47:15,014 - __main__ - INFO - Data saved to ./Hadith/sunnah_dot_com_data\shamail\54_The Death Of Sayyidina Rasoolullah.json.
2025-04-13 11:47:16,432 - __main__ - INFO - Saving data to ./Hadith/sunnah_dot_com_data\shamail\55_The Legacy Of Sayyidina Rasoolullah.json...
2025-04-13 11:47:16,435 - __main__ - INFO - Data saved to ./Hadith/sunnah_dot_com_data\shamail\55_The Legacy Of Sayyidina Rasoolullah.json.
2025-04-13 11:47:18,867 - __main__ - INFO - Saving data to ./Hadith/sunnah_dot_com_data\shamail\56_The Seeing Of Rasoolullah In a Dream.json...
2025-04-13 11:47:18,871 - __main__ - INFO - Data saved to ./Hadith/sunnah_dot_com_data\shamail\56_The Seeing Of Rasoolullah In a Dream.json.
2025-04-13 11:47:18,875 - __main__ - INFO - Finished scraping shamail.
2025-04-13 11:47:18,880 - __main__ - INFO - Scraping collection: mishkat...
2025-04-13 11:47:19,072 - __main__ - INFO - Extracting book data from website...
2025-04-13 11:47:19,106 - __main__ - INFO - 29 books extracted.
2025-04-13 11:47:19,616 - __main__ - INFO - Saving data to ./Hadith/sunnah_dot_com_data\mishkat\00_Author's Introduction.json...
2025-04-13 11:47:19,619 - __main__ - INFO - Data saved to ./Hadith/sunnah_dot_com_data\mishkat\00_Author's Introduction.json.
2025-04-13 11:47:58,640 - __main__ - INFO - Saving data to ./Hadith/sunnah_dot_com_data\mishkat\01_Faith.json...
2025-04-13 11:47:58,679 - __main__ - INFO - Data saved to ./Hadith/sunnah_dot_com_data\mishkat\01_Faith.json.
2025-04-13 11:48:16,569 - __main__ - INFO - Saving data to ./Hadith/sunnah_dot_com_data\mishkat\02_Knowledge.json...
2025-04-13 11:48:16,587 - __main__ - INFO - Data saved to ./Hadith/sunnah_dot_com_data\mishkat\02_Knowledge.json.
2025-04-13 11:49:13,941 - __main__ - INFO - Saving data to ./Hadith/sunnah_dot_com_data\mishkat\03_Purification.json...
2025-04-13 11:49:13,992 - __main__ - INFO - Data saved to ./Hadith/sunnah_dot_com_data\mishkat\03_Purification.json.
2025-04-13 11:52:36,349 - __main__ - INFO - Saving data to ./Hadith/sunnah_dot_com_data\mishkat\04_Prayer.json...
2025-04-13 11:52:36,503 - __main__ - INFO - Data saved to ./Hadith/sunnah_dot_com_data\mishkat\04_Prayer.json.
2025-04-13 11:53:26,949 - __main__ - INFO - Saving data to ./Hadith/sunnah_dot_com_data\mishkat\05_Funerals.json...
2025-04-13 11:53:27,007 - __main__ - INFO - Data saved to ./Hadith/sunnah_dot_com_data\mishkat\05_Funerals.json.
2025-04-13 11:54:07,790 - __main__ - INFO - Saving data to ./Hadith/sunnah_dot_com_data\mishkat\06_Zakat.json...
2025-04-13 11:54:07,841 - __main__ - INFO - Data saved to ./Hadith/sunnah_dot_com_data\mishkat\06_Zakat.json.
2025-04-13 11:54:40,382 - __main__ - INFO - Saving data to ./Hadith/sunnah_dot_com_data\mishkat\07_Fasting.json...
2025-04-13 11:54:40,426 - __main__ - INFO - Data saved to ./Hadith/sunnah_dot_com_data\mishkat\07_Fasting.json.
2025-04-13 11:55:07,337 - __main__ - INFO - Saving data to ./Hadith/sunnah_dot_com_data\mishkat\08_The Excellent Qualities of the Qur'an.json...
2025-04-13 11:55:07,370 - __main__ - INFO - Data saved to ./Hadith/sunnah_dot_com_data\mishkat\08_The Excellent Qualities of the Qur'an.json.
2025-04-13 11:56:05,699 - __main__ - INFO - Saving data to ./Hadith/sunnah_dot_com_data\mishkat\09_Supplications.json...
2025-04-13 11:56:05,756 - __main__ - INFO - Data saved to ./Hadith/sunnah_dot_com_data\mishkat\09_Supplications.json.
2025-04-13 11:56:55,572 - __main__ - INFO - Saving data to ./Hadith/sunnah_dot_com_data\mishkat\10_The Rites of Pilgrimage.json...
2025-04-13 11:56:55,622 - __main__ - INFO - Data saved to ./Hadith/sunnah_dot_com_data\mishkat\10_The Rites of Pilgrimage.json.
2025-04-13 11:57:54,662 - __main__ - INFO - Saving data to ./Hadith/sunnah_dot_com_data\mishkat\11_Business Transactions.json...
2025-04-13 11:57:54,726 - __main__ - INFO - Data saved to ./Hadith/sunnah_dot_com_data\mishkat\11_Business Transactions.json.
2025-04-13 11:58:03,270 - __main__ - INFO - Saving data to ./Hadith/sunnah_dot_com_data\mishkat\12_Inheritance and Wills.json...
2025-04-13 11:58:03,277 - __main__ - INFO - Data saved to ./Hadith/sunnah_dot_com_data\mishkat\12_Inheritance and Wills.json.
2025-04-13 11:59:01,380 - __main__ - INFO - Saving data to ./Hadith/sunnah_dot_com_data\mishkat\13_Marriage.json...
2025-04-13 11:59:01,441 - __main__ - INFO - Data saved to ./Hadith/sunnah_dot_com_data\mishkat\13_Marriage.json.
2025-04-13 11:59:06,920 - __main__ - INFO - Saving data to ./Hadith/sunnah_dot_com_data\mishkat\14_Emancipation.json...
2025-04-13 11:59:06,930 - __main__ - INFO - Data saved to ./Hadith/sunnah_dot_com_data\mishkat\14_Emancipation.json.
2025-04-13 11:59:15,728 - __main__ - INFO - Saving data to ./Hadith/sunnah_dot_com_data\mishkat\15_Oaths and Vows.json...
2025-04-13 11:59:15,743 - __main__ - INFO - Data saved to ./Hadith/sunnah_dot_com_data\mishkat\15_Oaths and Vows.json.
2025-04-13 11:59:37,990 - __main__ - INFO - Saving data to ./Hadith/sunnah_dot_com_data\mishkat\16_Retaliation.json...
2025-04-13 11:59:38,022 - __main__ - INFO - Data saved to ./Hadith/sunnah_dot_com_data\mishkat\16_Retaliation.json.
2025-04-13 11:59:59,237 - __main__ - INFO - Saving data to ./Hadith/sunnah_dot_com_data\mishkat\17_Prescribed Punishments.json...
2025-04-13 11:59:59,270 - __main__ - INFO - Data saved to ./Hadith/sunnah_dot_com_data\mishkat\17_Prescribed Punishments.json.
2025-04-13 12:00:32,902 - __main__ - INFO - Saving data to ./Hadith/sunnah_dot_com_data\mishkat\18_The Offices of Commander and Qadi.json...
2025-04-13 12:00:32,940 - __main__ - INFO - Data saved to ./Hadith/sunnah_dot_com_data\mishkat\18_The Offices of Commander and Qadi.json.
2025-04-13 12:01:33,972 - __main__ - INFO - Saving data to ./Hadith/sunnah_dot_com_data\mishkat\19_Jihad.json...
2025-04-13 12:01:34,058 - __main__ - INFO - Data saved to ./Hadith/sunnah_dot_com_data\mishkat\19_Jihad.json.
2025-04-13 12:01:54,950 - __main__ - INFO - Saving data to ./Hadith/sunnah_dot_com_data\mishkat\20_Game and Animals Which May Be Slaughtered.json...
2025-04-13 12:01:54,980 - __main__ - INFO - Data saved to ./Hadith/sunnah_dot_com_data\mishkat\20_Game and Animals Which May Be Slaughtered.json.
2025-04-13 12:02:27,989 - __main__ - INFO - Saving data to ./Hadith/sunnah_dot_com_data\mishkat\21_Foods.json...
2025-04-13 12:02:28,033 - __main__ - INFO - Data saved to ./Hadith/sunnah_dot_com_data\mishkat\21_Foods.json.
2025-04-13 12:03:16,104 - __main__ - INFO - Saving data to ./Hadith/sunnah_dot_com_data\mishkat\22_Clothing.json...
2025-04-13 12:03:16,162 - __main__ - INFO - Data saved to ./Hadith/sunnah_dot_com_data\mishkat\22_Clothing.json.
2025-04-13 12:03:36,873 - __main__ - INFO - Saving data to ./Hadith/sunnah_dot_com_data\mishkat\23_Medicine and Spells.json...
2025-04-13 12:03:36,900 - __main__ - INFO - Data saved to ./Hadith/sunnah_dot_com_data\mishkat\23_Medicine and Spells.json.
2025-04-13 12:03:41,628 - __main__ - INFO - Saving data to ./Hadith/sunnah_dot_com_data\mishkat\24_Visions.json...
2025-04-13 12:03:41,641 - __main__ - INFO - Data saved to ./Hadith/sunnah_dot_com_data\mishkat\24_Visions.json.
2025-04-13 12:04:13,206 - __main__ - INFO - Saving data to ./Hadith/sunnah_dot_com_data\mishkat\27_Fitan.json...
2025-04-13 12:04:13,254 - __main__ - INFO - Data saved to ./Hadith/sunnah_dot_com_data\mishkat\27_Fitan.json.
2025-04-13 12:04:58,691 - __main__ - INFO - Saving data to ./Hadith/sunnah_dot_com_data\mishkat\28_Events of the Day of Resurrection and the Beginning of Creation.json...
2025-04-13 12:04:58,756 - __main__ - INFO - Data saved to ./Hadith/sunnah_dot_com_data\mishkat\28_Events of the Day of Resurrection and the Beginning of Creation.json.
2025-04-13 12:05:52,876 - __main__ - INFO - Saving data to ./Hadith/sunnah_dot_com_data\mishkat\29_Excellent Qualities and Description of the Prophet.json...
2025-04-13 12:05:52,964 - __main__ - INFO - Data saved to ./Hadith/sunnah_dot_com_data\mishkat\29_Excellent Qualities and Description of the Prophet.json.
2025-04-13 12:06:59,347 - __main__ - INFO - Saving data to ./Hadith/sunnah_dot_com_data\mishkat\30_Fine Qualities.json...
2025-04-13 12:06:59,414 - __main__ - INFO - Data saved to ./Hadith/sunnah_dot_com_data\mishkat\30_Fine Qualities.json.
2025-04-13 12:06:59,425 - __main__ - INFO - Finished scraping mishkat.
2025-04-13 12:06:59,453 - __main__ - INFO - Scraping collection: bulugh...
2025-04-13 12:06:59,640 - __main__ - INFO - Extracting book data from website...
2025-04-13 12:06:59,666 - __main__ - INFO - 16 books extracted.
2025-04-13 12:07:32,981 - __main__ - INFO - Saving data to ./Hadith/sunnah_dot_com_data\bulugh\01_The Book of Purification.json...
2025-04-13 12:07:33,039 - __main__ - INFO - Data saved to ./Hadith/sunnah_dot_com_data\bulugh\01_The Book of Purification.json.
2025-04-13 12:08:51,422 - __main__ - INFO - Saving data to ./Hadith/sunnah_dot_com_data\bulugh\02_The Book of Prayer.json...
2025-04-13 12:08:51,560 - __main__ - INFO - Data saved to ./Hadith/sunnah_dot_com_data\bulugh\02_The Book of Prayer.json.
2025-04-13 12:09:05,401 - __main__ - INFO - Saving data to ./Hadith/sunnah_dot_com_data\bulugh\03_Funerals.json...
2025-04-13 12:09:05,417 - __main__ - INFO - Data saved to ./Hadith/sunnah_dot_com_data\bulugh\03_Funerals.json.
2025-04-13 12:09:14,204 - __main__ - INFO - Saving data to ./Hadith/sunnah_dot_com_data\bulugh\04_The Book of Zakah.json...
2025-04-13 12:09:14,218 - __main__ - INFO - Data saved to ./Hadith/sunnah_dot_com_data\bulugh\04_The Book of Zakah.json.
2025-04-13 12:09:24,731 - __main__ - INFO - Saving data to ./Hadith/sunnah_dot_com_data\bulugh\05_Fasting.json...
2025-04-13 12:09:24,746 - __main__ - INFO - Data saved to ./Hadith/sunnah_dot_com_data\bulugh\05_Fasting.json.
2025-04-13 12:09:38,408 - __main__ - INFO - Saving data to ./Hadith/sunnah_dot_com_data\bulugh\06_Hajj.json...
2025-04-13 12:09:38,429 - __main__ - INFO - Data saved to ./Hadith/sunnah_dot_com_data\bulugh\06_Hajj.json.
2025-04-13 12:10:18,992 - __main__ - INFO - Saving data to ./Hadith/sunnah_dot_com_data\bulugh\07_Business Transactions.json...
2025-04-13 12:10:19,052 - __main__ - INFO - Data saved to ./Hadith/sunnah_dot_com_data\bulugh\07_Business Transactions.json.
2025-04-13 12:10:55,151 - __main__ - INFO - Saving data to ./Hadith/sunnah_dot_com_data\bulugh\08_Marriage.json...
2025-04-13 12:10:55,173 - __main__ - INFO - Data saved to ./Hadith/sunnah_dot_com_data\bulugh\08_Marriage.json.
2025-04-13 12:11:03,117 - __main__ - INFO - Saving data to ./Hadith/sunnah_dot_com_data\bulugh\09_Crimes (Qisas or Retaliation).json...
2025-04-13 12:11:03,131 - __main__ - INFO - Data saved to ./Hadith/sunnah_dot_com_data\bulugh\09_Crimes (Qisas or Retaliation).json.
2025-04-13 12:11:13,814 - __main__ - INFO - Saving data to ./Hadith/sunnah_dot_com_data\bulugh\10_Hudud.json...
2025-04-13 12:11:13,834 - __main__ - INFO - Data saved to ./Hadith/sunnah_dot_com_data\bulugh\10_Hudud.json.
2025-04-13 12:11:25,581 - __main__ - INFO - Saving data to ./Hadith/sunnah_dot_com_data\bulugh\11_Jihad.json...
2025-04-13 12:11:25,598 - __main__ - INFO - Data saved to ./Hadith/sunnah_dot_com_data\bulugh\11_Jihad.json.
2025-04-13 12:11:33,846 - __main__ - INFO - Saving data to ./Hadith/sunnah_dot_com_data\bulugh\12_Food.json...
2025-04-13 12:11:33,861 - __main__ - INFO - Data saved to ./Hadith/sunnah_dot_com_data\bulugh\12_Food.json.
2025-04-13 12:11:37,320 - __main__ - INFO - Saving data to ./Hadith/sunnah_dot_com_data\bulugh\13_Oaths and Vows.json...
2025-04-13 12:11:37,328 - __main__ - INFO - Data saved to ./Hadith/sunnah_dot_com_data\bulugh\13_Oaths and Vows.json.
2025-04-13 12:11:42,810 - __main__ - INFO - Saving data to ./Hadith/sunnah_dot_com_data\bulugh\14_Judgments.json...
2025-04-13 12:11:42,823 - __main__ - INFO - Data saved to ./Hadith/sunnah_dot_com_data\bulugh\14_Judgments.json.
2025-04-13 12:11:45,869 - __main__ - INFO - Saving data to ./Hadith/sunnah_dot_com_data\bulugh\15_Emancipation.json...
2025-04-13 12:11:45,877 - __main__ - INFO - Data saved to ./Hadith/sunnah_dot_com_data\bulugh\15_Emancipation.json.
2025-04-13 12:12:09,131 - __main__ - INFO - Saving data to ./Hadith/sunnah_dot_com_data\bulugh\16_The Comprehensive Book.json...
2025-04-13 12:12:09,161 - __main__ - INFO - Data saved to ./Hadith/sunnah_dot_com_data\bulugh\16_The Comprehensive Book.json.
2025-04-13 12:12:09,166 - __main__ - INFO - Finished scraping bulugh.
2025-04-13 12:12:09,174 - __main__ - INFO - Scraping collection: forty...
2025-04-13 12:12:09,339 - __main__ - INFO - Extracting book data from website...
2025-04-13 12:12:09,349 - __main__ - INFO - 3 books extracted.
2025-04-13 12:12:09,767 - __main__ - INFO - Saving data to ./Hadith/sunnah_dot_com_data\forty\00_Forty Hadith of an-Nawawi.json...
2025-04-13 12:12:09,770 - __main__ - INFO - Data saved to ./Hadith/sunnah_dot_com_data\forty\00_Forty Hadith of an-Nawawi.json.
2025-04-13 12:12:10,184 - __main__ - INFO - Saving data to ./Hadith/sunnah_dot_com_data\forty\00_Forty Hadith Qudsi.json...
2025-04-13 12:12:10,187 - __main__ - INFO - Data saved to ./Hadith/sunnah_dot_com_data\forty\00_Forty Hadith Qudsi.json.
2025-04-13 12:12:10,607 - __main__ - INFO - Saving data to ./Hadith/sunnah_dot_com_data\forty\00_Forty Hadith of Shah Waliullah Dehlawi.json...
2025-04-13 12:12:10,612 - __main__ - INFO - Data saved to ./Hadith/sunnah_dot_com_data\forty\00_Forty Hadith of Shah Waliullah Dehlawi.json.
2025-04-13 12:12:10,615 - __main__ - INFO - Finished scraping forty.
2025-04-13 12:12:10,620 - __main__ - INFO - Scraping collection: hisn...
2025-04-13 12:12:13,093 - __main__ - INFO - Extracting book data from website...
2025-04-13 12:12:57,110 - __main__ - INFO - Saving data to ./Hadith/sunnah_dot_com_data\hisn\hadiths.json...
2025-04-13 12:12:57,172 - __main__ - INFO - Data saved to ./Hadith/sunnah_dot_com_data\hisn\hadiths.json.
2025-04-13 12:12:57,176 - __main__ - INFO - Finished scraping hisn.
